=== reshape convergence campaign 20260831_20-40-37 ===
log       : runs_mixconfirm/b0.1_i0.02/campaign_20260831_20-40-37.log
shots     : [129015]
axes      : ['ne_ped_scale']
scales    : [0.7]
cheaseBS  : {'max_iter': 45, 'tol_bs': 0.001, 'tol_q': 0.001, 'tol_ip_rel': 0.02, 'bootstrap_mix': 0.1, 'istar_mix': 0.02, 'plot_errors': True}
solves    : 1
pid       : 1597859

loading and fitting 1 discharge(s) ...
  done in 1s

--- 129015  radii (0.85,) ---
129015  radii (0.85,)  1 solves -> /global/u1/j/joeschm/projects/NSTXU_lithium_study/reshape_convergence/runs_mixconfirm/b0.1_i0.02/129015_20260831_20-40-38
  ne_ped_scale 0.70 ...[cheaseBS] reference profiles: /pscratch/sd/j/joeschm/cheaseBS_runs/20260831_20-40-38-ne_ped_scale_0.700/reference_profiles
[cheaseBS] running: /global/homes/j/joeschm/simulators/cheaseBS/run_chease_iterative_profiles.py --config /pscratch/sd/j/joeschm/cheaseBS_runs/20260831_20-40-38-ne_ped_scale_0.700/cheasebs_run_config.json
<IPython.core.display.Image object>
[cheaseBS] error plot: /pscratch/sd/j/joeschm/cheaseBS_runs/20260831_20-40-38-ne_ped_scale_0.700/iteration_errors.png
[cheaseBS]   every tracked metric saturates by iteration 41 of 44 — max_iter could come down
<IPython.core.display.Image object>
[cheaseBS] acceptance: REJECTED
[cheaseBS]   Ip error         3.792%  (final 725317.9 A vs reference 753908.3 A)
[cheaseBS]   q @ rho_tor 0.85    2.315%   (deviation from source)
[cheaseBS]   q95 error        2.686%
[cheaseBS]   q edge error     8.016%   <- separatrix-adjacent, see module docstring
[cheaseBS]   solver flag    converged=False (45 iteration(s)) — recorded, not gated by default
[cheaseBS]   REJECT: Ip error 3.792% exceeds tolerance 3.000% (got 725317.9 A, target 753908.3 A)
[cheaseBS] run summary: /pscratch/sd/j/joeschm/cheaseBS_runs/20260831_20-40-38-ne_ped_scale_0.700/run_summary.png
[cheaseBS]   note: after EQDSK taken from a per-iteration artifact (iteration_44/artifacts/EQDSK_COCOS_02_POS_SOURCE_SIGNS.OUT) — the run directory root holds no EQDSK*.OUT, so this is the last iteration solved, not necessarily a converged result
[cheaseBS] scratch run directory: /pscratch/sd/j/joeschm/cheaseBS_runs/20260831_20-40-38-ne_ped_scale_0.700
[cheaseBS] new equilibrium written to: /global/u1/j/joeschm/projects/NSTXU_lithium_study/reshape_convergence/runs_mixconfirm/b0.1_i0.02/129015_20260831_20-40-38/ne_ped_scale_0.700/EQDSK_COCOS_02_POS_SOURCE_SIGNS.OUT
 45 iters, 1836s, accepted=False
shot 129015
           axis scale    ped_top  ratio iters  conv   acc  Ip_err  dq_max  dq_at  dp_max    q@x0  wall_s  status
   ne_ped_scale  0.70  3.070e+19  0.713    45 False False   3.79%   2.74%  0.936  32.32%   2.32%    1836        
  129015 done in 1837s -> /global/u1/j/joeschm/projects/NSTXU_lithium_study/reshape_convergence/runs_mixconfirm/b0.1_i0.02/129015_20260831_20-40-38

=== campaign summary ===
  129015: iters=[45] accepted=[False] 1837s HIT-MAX-ITER
  total wall: 1838s
  PROBLEM shots (raised or not fully accepted): [129015]

log: runs_mixconfirm/b0.1_i0.02/campaign_20260831_20-40-37.log
