=== reshape convergence campaign 20260831_21-11-18 ===
log       : runs_mixconfirm/b0.1_i0.02/campaign_20260831_21-11-18.log
shots     : [129038]
axes      : ['ne_ped_scale']
scales    : [1.3]
cheaseBS  : {'max_iter': 45, 'tol_bs': 0.001, 'tol_q': 0.001, 'tol_ip_rel': 0.02, 'bootstrap_mix': 0.1, 'istar_mix': 0.02, 'plot_errors': True}
solves    : 1
pid       : 2106418

loading and fitting 1 discharge(s) ...
  done in 1s

--- 129038  radii (0.85,) ---
129038  radii (0.85,)  1 solves -> /global/u1/j/joeschm/projects/NSTXU_lithium_study/reshape_convergence/runs_mixconfirm/b0.1_i0.02/129038_20260831_21-11-19
  ne_ped_scale 1.30 ...[cheaseBS] reference profiles: /pscratch/sd/j/joeschm/cheaseBS_runs/20260831_21-11-19-ne_ped_scale_1.300/reference_profiles
[cheaseBS] running: /global/homes/j/joeschm/simulators/cheaseBS/run_chease_iterative_profiles.py --config /pscratch/sd/j/joeschm/cheaseBS_runs/20260831_21-11-19-ne_ped_scale_1.300/cheasebs_run_config.json
<IPython.core.display.Image object>
[cheaseBS] error plot: /pscratch/sd/j/joeschm/cheaseBS_runs/20260831_21-11-19-ne_ped_scale_1.300/iteration_errors.png
<IPython.core.display.Image object>
[cheaseBS] acceptance: REJECTED
[cheaseBS]   Ip error         6.793%  (final 794958.2 A vs reference 744390.5 A)
[cheaseBS]   q @ rho_tor 0.85    4.699%   (deviation from source)
[cheaseBS]   q95 error        4.348%
[cheaseBS]   q edge error    11.969%   <- separatrix-adjacent, see module docstring
[cheaseBS]   solver flag    converged=False (45 iteration(s)) — recorded, not gated by default
[cheaseBS]   REJECT: Ip error 6.793% exceeds tolerance 3.000% (got 794958.2 A, target 744390.5 A)
[cheaseBS] run summary: /pscratch/sd/j/joeschm/cheaseBS_runs/20260831_21-11-19-ne_ped_scale_1.300/run_summary.png
[cheaseBS]   note: after EQDSK taken from a per-iteration artifact (iteration_44/artifacts/EQDSK_COCOS_02_POS_SOURCE_SIGNS.OUT) — the run directory root holds no EQDSK*.OUT, so this is the last iteration solved, not necessarily a converged result
[cheaseBS] scratch run directory: /pscratch/sd/j/joeschm/cheaseBS_runs/20260831_21-11-19-ne_ped_scale_1.300
[cheaseBS] new equilibrium written to: /global/u1/j/joeschm/projects/NSTXU_lithium_study/reshape_convergence/runs_mixconfirm/b0.1_i0.02/129038_20260831_21-11-19/ne_ped_scale_1.300/EQDSK_COCOS_02_POS_SOURCE_SIGNS.OUT
 45 iters, 1950s, accepted=False
shot 129038
           axis scale    ped_top  ratio iters  conv   acc  Ip_err  dq_max  dq_at  dp_max    q@x0  wall_s  status
   ne_ped_scale  1.30  5.961e+19  1.293    45 False False   6.79%   9.23%  0.821  41.27%   4.70%    1950        
  129038 done in 1950s -> /global/u1/j/joeschm/projects/NSTXU_lithium_study/reshape_convergence/runs_mixconfirm/b0.1_i0.02/129038_20260831_21-11-19

=== campaign summary ===
  129038: iters=[45] accepted=[False] 1950s HIT-MAX-ITER
  total wall: 1951s
  PROBLEM shots (raised or not fully accepted): [129038]

log: runs_mixconfirm/b0.1_i0.02/campaign_20260831_21-11-18.log
