=== reshape convergence campaign 20260831_16-39-39 ===
log       : /global/u1/j/joeschm/projects/NSTXU_lithium_study/reshape_convergence/runs_mixsweep/b0.05_i0.05/campaign_20260831_16-39-39.log
shots     : [132588]
axes      : ['ne_ped_scale']
scales    : [0.7]
cheaseBS  : {'max_iter': 45, 'tol_bs': 0.001, 'tol_q': 0.001, 'tol_ip_rel': 0.02, 'bootstrap_mix': 0.05, 'istar_mix': 0.05, 'plot_errors': True}
solves    : 1
pid       : 1494236

loading and fitting 1 discharge(s) ...
  done in 2s

--- 132588  radii (0.736, 0.825) ---
132588  radii (0.736, 0.825)  1 solves -> /global/u1/j/joeschm/projects/NSTXU_lithium_study/reshape_convergence/runs_mixsweep/b0.05_i0.05/132588_20260831_16-39-40
  ne_ped_scale 0.70 ...[cheaseBS] reference profiles: /pscratch/sd/j/joeschm/cheaseBS_runs/20260831_16-39-40-ne_ped_scale_0.700/reference_profiles
[cheaseBS] running: /global/homes/j/joeschm/simulators/cheaseBS/run_chease_iterative_profiles.py --config /pscratch/sd/j/joeschm/cheaseBS_runs/20260831_16-39-40-ne_ped_scale_0.700/cheasebs_run_config.json
Starting iterative CHEASE workflow (coordinate=rhop, replay=istar, qspec=on)
Output directory: /pscratch/sd/j/joeschm/cheaseBS_runs/20260831_16-39-40-ne_ped_scale_0.700
Baseline directory: /pscratch/sd/j/joeschm/cheaseBS_runs/20260831_16-39-40-ne_ped_scale_0.700/cheasebs_baseline
Run targets: Ip=983334.750 A (source 983334.750 A), Bt=-0.439205 T (source -0.439205 T)
Rebuilding baseline decomposition from reference profiles
Preparing baseline inputs from g132588.00650
Baseline radial mapping complete
Baseline Step 1 complete: thermal/fast pressure split and Zeff
Baseline Step 2 complete: bootstrap/driven current decomposition
Baseline outputs written
Baseline rebuild complete: /pscratch/sd/j/joeschm/cheaseBS_runs/20260831_16-39-40-ne_ped_scale_0.700/cheasebs_baseline
Starting iterative replay with target Ip=983334.750 A and initial amplitude=1.000000
Iteration 00: running CHEASE (amplitude=1.000000, replay=I*, qspec=on)
Iteration 00 complete: Ip=1040610.703 A, rel_error=5.825e-02, bs_change=n/a, q_change=n/a, next_amplitude=1.000e+00, converged=no
Iteration 01: running CHEASE (amplitude=1.000000, replay=I*, qspec=on)
Iteration 01 complete: Ip=1041531.378 A, rel_error=5.918e-02, bs_change=1.934e-03, q_change=2.339e-03, next_amplitude=1.000e+00, converged=no
Iteration 02: running CHEASE (amplitude=1.000000, replay=I*, qspec=on)
Iteration 02 complete: Ip=1039300.385 A, rel_error=5.691e-02, bs_change=9.167e-04, q_change=2.613e-03, next_amplitude=1.000e+00, converged=no
Iteration 03: running CHEASE (amplitude=1.000000, replay=I*, qspec=on)
Iteration 03 complete: Ip=1040432.648 A, rel_error=5.807e-02, bs_change=9.294e-04, q_change=1.898e-03, next_amplitude=1.000e+00, converged=no
Iteration 04: running CHEASE (amplitude=1.000000, replay=I*, qspec=on)
Iteration 04 complete: Ip=1041256.100 A, rel_error=5.890e-02, bs_change=5.101e-04, q_change=1.662e-03, next_amplitude=1.000e+00, converged=no
Iteration 05: running CHEASE (amplitude=1.000000, replay=I*, qspec=on)
Iteration 05 complete: Ip=1041664.959 A, rel_error=5.932e-02, bs_change=1.497e-04, q_change=1.479e-03, next_amplitude=1.000e+00, converged=no
Iteration 06: running CHEASE (amplitude=1.000000, replay=I*, qspec=on)
Iteration 06 complete: Ip=1041824.489 A, rel_error=5.948e-02, bs_change=3.798e-04, q_change=1.470e-03, next_amplitude=1.000e+00, converged=no
Iteration 07: running CHEASE (amplitude=1.000000, replay=I*, qspec=on)
Iteration 07 complete: Ip=1041404.132 A, rel_error=5.905e-02, bs_change=7.566e-04, q_change=1.580e-03, next_amplitude=1.000e+00, converged=no
Iteration 08: running CHEASE (amplitude=1.000000, replay=I*, qspec=on)
Iteration 08 complete: Ip=1041189.426 A, rel_error=5.884e-02, bs_change=1.029e-03, q_change=1.678e-03, next_amplitude=1.000e+00, converged=no
Iteration 09: running CHEASE (amplitude=1.000000, replay=I*, qspec=on)
Iteration 09 complete: Ip=1040389.027 A, rel_error=5.802e-02, bs_change=1.436e-03, q_change=1.951e-03, next_amplitude=1.000e+00, converged=no
Iteration 10: running CHEASE (amplitude=1.000000, replay=I*, qspec=on)
Iteration 10 complete: Ip=1039668.805 A, rel_error=5.729e-02, bs_change=1.920e-03, q_change=2.196e-03, next_amplitude=1.000e+00, converged=no
Iteration 11: running CHEASE (amplitude=1.000000, replay=I*, qspec=on)
Iteration 11 complete: Ip=1039500.472 A, rel_error=5.712e-02, bs_change=2.037e-03, q_change=2.283e-03, next_amplitude=1.000e+00, converged=no
Iteration 12: running CHEASE (amplitude=1.000000, replay=I*, qspec=on)
Iteration 12 complete: Ip=1038993.781 A, rel_error=5.660e-02, bs_change=2.296e-03, q_change=2.461e-03, next_amplitude=1.000e+00, converged=no
Iteration 13: running CHEASE (amplitude=1.000000, replay=I*, qspec=on)
Iteration 13 complete: Ip=1038578.829 A, rel_error=5.618e-02, bs_change=2.570e-03, q_change=2.684e-03, next_amplitude=1.000e+00, converged=no
Iteration 14: running CHEASE (amplitude=1.000000, replay=I*, qspec=on)
Iteration 14 complete: Ip=1038096.240 A, rel_error=5.569e-02, bs_change=2.296e-03, q_change=2.508e-03, next_amplitude=1.000e+00, converged=no
Iteration 15: running CHEASE (amplitude=1.000000, replay=I*, qspec=on)
Iteration 15 complete: Ip=1037465.415 A, rel_error=5.505e-02, bs_change=2.518e-03, q_change=2.680e-03, next_amplitude=1.000e+00, converged=no
Iteration 16: running CHEASE (amplitude=1.000000, replay=I*, qspec=on)
Iteration 16 complete: Ip=1037039.537 A, rel_error=5.461e-02, bs_change=2.512e-03, q_change=2.688e-03, next_amplitude=1.000e+00, converged=no
Iteration 17: running CHEASE (amplitude=1.000000, replay=I*, qspec=on)
Iteration 17 complete: Ip=1035781.795 A, rel_error=5.334e-02, bs_change=3.800e-03, q_change=3.680e-03, next_amplitude=1.000e+00, converged=no
Iteration 18: running CHEASE (amplitude=1.000000, replay=I*, qspec=on)
Iteration 18 complete: Ip=1034787.012 A, rel_error=5.232e-02, bs_change=3.426e-03, q_change=3.393e-03, next_amplitude=1.000e+00, converged=no
Iteration 19: running CHEASE (amplitude=1.000000, replay=I*, qspec=on)
Iteration 19 complete: Ip=1033725.730 A, rel_error=5.124e-02, bs_change=3.458e-03, q_change=3.433e-03, next_amplitude=1.000e+00, converged=no
Iteration 20: running CHEASE (amplitude=1.000000, replay=I*, qspec=on)
Iteration 20 complete: Ip=1032480.533 A, rel_error=4.998e-02, bs_change=3.478e-03, q_change=3.473e-03, next_amplitude=1.000e+00, converged=no
Iteration 21: running CHEASE (amplitude=1.000000, replay=I*, qspec=on)
Iteration 21 complete: Ip=1031607.854 A, rel_error=4.909e-02, bs_change=2.889e-03, q_change=3.039e-03, next_amplitude=1.000e+00, converged=no
Iteration 22: running CHEASE (amplitude=1.000000, replay=I*, qspec=on)
Iteration 22 complete: Ip=1031141.426 A, rel_error=4.862e-02, bs_change=2.371e-03, q_change=2.746e-03, next_amplitude=1.000e+00, converged=no
Iteration 23: running CHEASE (amplitude=1.000000, replay=I*, qspec=on)
Iteration 23 complete: Ip=1029122.937 A, rel_error=4.656e-02, bs_change=4.947e-03, q_change=4.746e-03, next_amplitude=1.000e+00, converged=no
Iteration 24: running CHEASE (amplitude=1.000000, replay=I*, qspec=on)
Iteration 24 complete: Ip=1026935.818 A, rel_error=4.434e-02, bs_change=4.964e-03, q_change=4.771e-03, next_amplitude=1.000e+00, converged=no
Iteration 25: running CHEASE (amplitude=1.000000, replay=I*, qspec=on)
Iteration 25 complete: Ip=1025200.009 A, rel_error=4.257e-02, bs_change=4.184e-03, q_change=4.114e-03, next_amplitude=1.000e+00, converged=no
Iteration 26: running CHEASE (amplitude=1.000000, replay=I*, qspec=on)
Iteration 26 complete: Ip=1024331.890 A, rel_error=4.169e-02, bs_change=2.749e-03, q_change=3.003e-03, next_amplitude=1.000e+00, converged=no
Iteration 27: running CHEASE (amplitude=1.000000, replay=I*, qspec=on)
Iteration 27 complete: Ip=1024022.631 A, rel_error=4.138e-02, bs_change=1.767e-03, q_change=2.508e-03, next_amplitude=1.000e+00, converged=no
Iteration 28: running CHEASE (amplitude=1.000000, replay=I*, qspec=on)
Iteration 28 complete: Ip=1021454.324 A, rel_error=3.877e-02, bs_change=5.661e-03, q_change=5.424e-03, next_amplitude=1.000e+00, converged=no
Iteration 29: running CHEASE (amplitude=1.000000, replay=I*, qspec=on)
Iteration 29 complete: Ip=1019481.856 A, rel_error=3.676e-02, bs_change=4.578e-03, q_change=4.465e-03, next_amplitude=1.000e+00, converged=no
Iteration 30: running CHEASE (amplitude=1.000000, replay=I*, qspec=on)
Iteration 30 complete: Ip=1018677.676 A, rel_error=3.594e-02, bs_change=2.635e-03, q_change=2.973e-03, next_amplitude=1.000e+00, converged=no
Iteration 31: running CHEASE (amplitude=1.000000, replay=I*, qspec=on)
Iteration 31 complete: Ip=1016411.292 A, rel_error=3.364e-02, bs_change=5.394e-03, q_change=5.159e-03, next_amplitude=1.000e+00, converged=no
Iteration 32: running CHEASE (amplitude=1.000000, replay=I*, qspec=on)
Iteration 32 complete: Ip=1014031.532 A, rel_error=3.122e-02, bs_change=5.494e-03, q_change=5.270e-03, next_amplitude=1.000e+00, converged=no
Iteration 33: running CHEASE (amplitude=1.000000, replay=I*, qspec=on)
Iteration 33 complete: Ip=1013886.069 A, rel_error=3.107e-02, bs_change=1.361e-03, q_change=2.414e-03, next_amplitude=1.000e+00, converged=no
Iteration 34: running CHEASE (amplitude=1.000000, replay=I*, qspec=on)
Iteration 34 complete: Ip=1011325.563 A, rel_error=2.847e-02, bs_change=5.773e-03, q_change=5.535e-03, next_amplitude=1.000e+00, converged=no
Iteration 35: running CHEASE (amplitude=1.000000, replay=I*, qspec=on)
Iteration 35 complete: Ip=1009234.648 A, rel_error=2.634e-02, bs_change=4.885e-03, q_change=4.744e-03, next_amplitude=1.000e+00, converged=no
Iteration 36: running CHEASE (amplitude=1.000000, replay=I*, qspec=on)
Iteration 36 complete: Ip=1007518.378 A, rel_error=2.459e-02, bs_change=4.286e-03, q_change=4.218e-03, next_amplitude=1.000e+00, converged=no
Iteration 37: running CHEASE (amplitude=1.000000, replay=I*, qspec=on)
Iteration 37 complete: Ip=1005806.730 A, rel_error=2.285e-02, bs_change=4.271e-03, q_change=4.206e-03, next_amplitude=1.000e+00, converged=no
Iteration 38: running CHEASE (amplitude=1.000000, replay=I*, qspec=on)
Iteration 38 complete: Ip=1004279.676 A, rel_error=2.130e-02, bs_change=3.946e-03, q_change=3.923e-03, next_amplitude=1.000e+00, converged=no
Iteration 39: running CHEASE (amplitude=1.000000, replay=I*, qspec=on)
Iteration 39 complete: Ip=1002834.581 A, rel_error=1.983e-02, bs_change=3.807e-03, q_change=3.808e-03, next_amplitude=1.000e+00, converged=no
Iteration 40: running CHEASE (amplitude=1.000000, replay=I*, qspec=on)
Iteration 40 complete: Ip=1001860.737 A, rel_error=1.884e-02, bs_change=3.008e-03, q_change=3.127e-03, next_amplitude=1.000e+00, converged=no
Iteration 41: running CHEASE (amplitude=1.000000, replay=I*, qspec=on)
Iteration 41 complete: Ip=1001624.651 A, rel_error=1.860e-02, bs_change=1.596e-03, q_change=2.314e-03, next_amplitude=1.000e+00, converged=no
Iteration 42: running CHEASE (amplitude=1.000000, replay=I*, qspec=on)
Iteration 42 complete: Ip=999267.984 A, rel_error=1.620e-02, bs_change=5.545e-03, q_change=5.336e-03, next_amplitude=1.000e+00, converged=no
Iteration 43: running CHEASE (amplitude=1.000000, replay=I*, qspec=on)
Iteration 43 complete: Ip=999150.401 A, rel_error=1.608e-02, bs_change=1.411e-03, q_change=2.279e-03, next_amplitude=1.000e+00, converged=no
Iteration 44: running CHEASE (amplitude=1.000000, replay=I*, qspec=on)
Iteration 44 complete: Ip=996851.724 A, rel_error=1.375e-02, bs_change=5.533e-03, q_change=5.322e-03, next_amplitude=n/a, converged=no
Completed iterative workflow after 45 iteration(s): Ip=996851.724 A, rel_error=1.375e-02, converged=no
Final EQDSK: /pscratch/sd/j/joeschm/cheaseBS_runs/20260831_16-39-40-ne_ped_scale_0.700/iteration_44/artifacts/EQDSK_COCOS_02_POS_SOURCE_SIGNS.OUT
<IPython.core.display.Image object>
[cheaseBS] error plot: /pscratch/sd/j/joeschm/cheaseBS_runs/20260831_16-39-40-ne_ped_scale_0.700/iteration_errors.png
<IPython.core.display.Image object>
[cheaseBS] acceptance: ACCEPTED
[cheaseBS]   Ip error         1.375%  (final 996851.7 A vs reference 983334.8 A)
[cheaseBS]   q @ rho_tor 0.736   0.504%   (deviation from source)
[cheaseBS]   q @ rho_tor 0.825   1.969%   (deviation from source)
[cheaseBS]   q95 error        1.764%
[cheaseBS]   q edge error    23.488%   <- separatrix-adjacent, see module docstring
[cheaseBS]   solver flag    converged=False (45 iteration(s)) — recorded, not gated by default
[cheaseBS] run summary: /pscratch/sd/j/joeschm/cheaseBS_runs/20260831_16-39-40-ne_ped_scale_0.700/run_summary.png
[cheaseBS]   note: no EQDSK*.OUT; the run produced no reconstruction
[cheaseBS] scratch run directory: /pscratch/sd/j/joeschm/cheaseBS_runs/20260831_16-39-40-ne_ped_scale_0.700
[cheaseBS] new equilibrium written to: /global/u1/j/joeschm/projects/NSTXU_lithium_study/reshape_convergence/runs_mixsweep/b0.05_i0.05/132588_20260831_16-39-40/ne_ped_scale_0.700/EQDSK_COCOS_02_POS_SOURCE_SIGNS.OUT
 45 iters, 2579s, accepted=True
shot 132588
           axis scale    ped_top  ratio iters  conv   acc  Ip_err  dq_max  dq_at  dp_max    q@x0  wall_s  status
   ne_ped_scale  0.70  5.280e+19  0.865    45 False  True   1.37%  67.26%  0.156  12.36%   1.97%    2579        
  132588 done in 2579s -> /global/u1/j/joeschm/projects/NSTXU_lithium_study/reshape_convergence/runs_mixsweep/b0.05_i0.05/132588_20260831_16-39-40

=== campaign summary ===
  132588: iters=[45] accepted=[True] 2579s HIT-MAX-ITER
  total wall: 2581s

log: /global/u1/j/joeschm/projects/NSTXU_lithium_study/reshape_convergence/runs_mixsweep/b0.05_i0.05/campaign_20260831_16-39-39.log
