nohup: ignoring input
=== mixing sweep: shot 129015  ne_ped_scale 0.70  max_iter 45 ===
settings: b0.1/i0.02
outroot : runs_mixconfirm
probe cost ~ 45 iterations each; direction is the verdict, proj is the cost

--- b0.1_i0.02 ---
  $ /global/homes/j/joeschm/.conda/envs/TPED/bin/python -u /global/u1/j/joeschm/projects/NSTXU_lithium_study/reshape_convergence/run_reshape_convergence.py --shots 129015 --axes ne_ped_scale --scales 0.7 --max-iter 45 --bootstrap-mix 0.1 --istar-mix 0.02 --outroot runs_mixconfirm/b0.1_i0.02
  exit 1 in 1840 s

=== comparison ===
mix b/i         iters   Ip first   Ip final    dir   proj   wall_s
------------------------------------------------------------------
0.1/0.02           45     0.0327     0.0379   GROW     --     1840

no setting converged. Every candidate rang or grew, so the loop is not merely under-damped at these values -- lower the mixing further (halve both) before concluding the profiles are at fault.

wrote runs_mixconfirm/mix_sweep.json
=== mixing sweep: shot 129038  ne_ped_scale 1.30  max_iter 45 ===
settings: b0.1/i0.02
outroot : runs_mixconfirm
probe cost ~ 45 iterations each; direction is the verdict, proj is the cost

--- b0.1_i0.02 ---
  $ /global/homes/j/joeschm/.conda/envs/TPED/bin/python -u /global/u1/j/joeschm/projects/NSTXU_lithium_study/reshape_convergence/run_reshape_convergence.py --shots 129038 --axes ne_ped_scale --scales 1.3 --max-iter 45 --bootstrap-mix 0.1 --istar-mix 0.02 --outroot runs_mixconfirm/b0.1_i0.02
  exit 1 in 1954 s

=== comparison ===
mix b/i         iters   Ip first   Ip final    dir   proj   wall_s
------------------------------------------------------------------
0.1/0.02           45     0.1007     0.0679   RING     73     1954

no setting converged. Every candidate rang or grew, so the loop is not merely under-damped at these values -- lower the mixing further (halve both) before concluding the profiles are at fault.

wrote runs_mixconfirm/mix_sweep.json
=== mixing sweep: shot 132543  ne_ped_scale 0.70  max_iter 45 ===
settings: b0.1/i0.02
outroot : runs_mixconfirm
probe cost ~ 45 iterations each; direction is the verdict, proj is the cost

--- b0.1_i0.02 ---
  $ /global/homes/j/joeschm/.conda/envs/TPED/bin/python -u /global/u1/j/joeschm/projects/NSTXU_lithium_study/reshape_convergence/run_reshape_convergence.py --shots 132543 --axes ne_ped_scale --scales 0.7 --max-iter 45 --bootstrap-mix 0.1 --istar-mix 0.02 --outroot runs_mixconfirm/b0.1_i0.02
  exit 1 in 1868 s

=== comparison ===
mix b/i         iters   Ip first   Ip final    dir   proj   wall_s
------------------------------------------------------------------
0.1/0.02           45     0.0385     0.0659   GROW     --     1868

no setting converged. Every candidate rang or grew, so the loop is not merely under-damped at these values -- lower the mixing further (halve both) before concluding the profiles are at fault.

wrote runs_mixconfirm/mix_sweep.json
