=== reshape convergence campaign 20260903_17-02-29 ===
log       : runs_amptest/campaign_20260903_17-02-29.log
shots     : [129038, 132543, 132588]
axes      : ['ne_ped_scale', 'Te_ped_scale']
scales    : [0.7, 0.9, 1.1, 1.3]
cheaseBS  : {'max_iter': 50, 'tol_bs': 0.001, 'tol_q': 0.001, 'tol_ip_rel': 0.02, 'bootstrap_mix': 0.1, 'istar_mix': 0.02, 'plot_errors': True, 'amplitude_warmup_iters': 0}
solves    : 24
pid       : 1666025

loading and fitting 3 discharge(s) ...
[WARNING] TPED.projects.discharge_tools.src.discharge_data: time_ms mismatch: g129038.00400→110ms, p129038.00400→400ms  (files: /global/homes/j/joeschm/data/ST_research/NSTXU_discharges/129038/g129038.00400, /global/homes/j/joeschm/data/ST_research/NSTXU_discharges/129038/p129038.00400)
  done in 3s

--- 129038  radii (0.85,) ---
129038  radii (0.85,)  8 solves -> /global/u1/j/joeschm/projects/NSTXU_lithium_study/reshape_convergence/runs_amptest/129038_20260903_17-02-32
  ne_ped_scale 0.70 ...[cheaseBS] reference profiles: /pscratch/sd/j/joeschm/cheaseBS_runs/20260903_17-02-32-ne_ped_scale_0.700/reference_profiles
[cheaseBS] running: /global/homes/j/joeschm/simulators/cheaseBS/run_chease_iterative_profiles.py --config /pscratch/sd/j/joeschm/cheaseBS_runs/20260903_17-02-32-ne_ped_scale_0.700/cheasebs_run_config.json
Starting iterative CHEASE workflow (coordinate=rhop, replay=istar, qspec=on)
Output directory: /pscratch/sd/j/joeschm/cheaseBS_runs/20260903_17-02-32-ne_ped_scale_0.700
Baseline directory: /pscratch/sd/j/joeschm/cheaseBS_runs/20260903_17-02-32-ne_ped_scale_0.700/cheasebs_baseline
Run targets: Ip=744390.500 A (source 744390.500 A), Bt=-0.487489 T (source -0.487489 T)
Rebuilding baseline decomposition from reference profiles
Preparing baseline inputs from g129038.00110
Traceback (most recent call last):
  File "/global/u1/j/joeschm/projects/NSTXU_lithium_study/reshape_convergence/run_reshape_convergence.py", line 246, in <module>
    sys.exit(main())
  File "/global/u1/j/joeschm/projects/NSTXU_lithium_study/reshape_convergence/run_reshape_convergence.py", line 192, in main
    rows, workdir = rh.run_bounds(
  File "/global/u1/j/joeschm/projects/NSTXU_lithium_study/reshape_convergence/reshape_helpers.py", line 204, in run_bounds
    r = _solve(disc, axis, s,
  File "/global/u1/j/joeschm/projects/NSTXU_lithium_study/reshape_convergence/reshape_helpers.py", line 84, in _solve
    phys.output_gfile(
  File "/global/homes/j/joeschm/tools/TPED/projects/discharge_tools/src/discharge_io.py", line 376, in output_gfile
    chease_eqdsk = run_cheasebs_workflow(
  File "/global/homes/j/joeschm/tools/TPED/projects/discharge_tools/src/cheasebs_runner.py", line 692, in run_cheasebs_workflow
    returncode = _run_cheasebs_subprocess(
  File "/global/homes/j/joeschm/tools/TPED/projects/discharge_tools/src/cheasebs_runner.py", line 879, in _run_cheasebs_subprocess
    time.sleep(poll_s)
KeyboardInterrupt
Traceback (most recent call last):
  File "/global/homes/j/joeschm/simulators/cheaseBS/run_chease_iterative_profiles.py", line 1461, in <module>
    raise SystemExit(main())
  File "/global/homes/j/joeschm/simulators/cheaseBS/run_chease_iterative_profiles.py", line 246, in main
    ensure_baseline_ready(
  File "/global/homes/j/joeschm/simulators/cheaseBS/run_chease_iterative_profiles.py", line 396, in ensure_baseline_ready
    build_baseline_decomposition(
  File "/global/homes/j/joeschm/simulators/cheaseBS/run_chease_iterative_profiles.py", line 460, in build_baseline_decomposition
    mapping = pre.build_radial_mapping(
  File "/global/u1/j/joeschm/simulators/cheaseBS/preprocess_eqdsk.py", line 497, in build_radial_mapping
    stage = run_chease_stage(
  File "/global/u1/j/joeschm/simulators/cheaseBS/preprocess_eqdsk.py", line 572, in run_chease_stage
    completed = subprocess.run(
  File "/global/homes/j/joeschm/.conda/envs/TPED/lib/python3.10/subprocess.py", line 505, in run
    stdout, stderr = process.communicate(input, timeout=timeout)
  File "/global/homes/j/joeschm/.conda/envs/TPED/lib/python3.10/subprocess.py", line 1141, in communicate
    stdout = self.stdout.read()
KeyboardInterrupt
