=== reshape convergence campaign 20260901_13-45-20 ===
log       : runs_smallscale/campaign_20260901_13-45-20.log
shots     : [129015, 129038, 132543, 132588]
axes      : ['Te_ped_scale', 'ne_ped_scale']
scales    : [0.9, 0.95, 1.05, 1.1]
cheaseBS  : {'max_iter': 50, 'tol_bs': 0.001, 'tol_q': 0.001, 'tol_ip_rel': 0.02, 'bootstrap_mix': 0.1, 'istar_mix': 0.02, 'plot_errors': True}
solves    : 32
pid       : 2089998

loading and fitting 4 discharge(s) ...
  done in 5s

--- 129015  radii (0.85,) ---
129015  radii (0.85,)  8 solves -> /global/u1/j/joeschm/projects/NSTXU_lithium_study/reshape_convergence/runs_smallscale/129015_20260901_13-45-25
  Te_ped_scale 0.90 ...[cheaseBS] reference profiles: /pscratch/sd/j/joeschm/cheaseBS_runs/20260901_13-45-25-Te_ped_scale_0.900/reference_profiles
[cheaseBS] running: /global/homes/j/joeschm/simulators/cheaseBS/run_chease_iterative_profiles.py --config /pscratch/sd/j/joeschm/cheaseBS_runs/20260901_13-45-25-Te_ped_scale_0.900/cheasebs_run_config.json
<IPython.core.display.Image object>
[cheaseBS] error plot: /pscratch/sd/j/joeschm/cheaseBS_runs/20260901_13-45-25-Te_ped_scale_0.900/iteration_errors.png
<IPython.core.display.Image object>
[cheaseBS] acceptance: ACCEPTED
[cheaseBS]   Ip error         1.882%  (final 739716.3 A vs reference 753908.3 A)
[cheaseBS]   q @ rho_tor 0.85    0.884%   (deviation from source)
[cheaseBS]   q95 error        0.980%
[cheaseBS]   q edge error    10.151%   <- separatrix-adjacent, see module docstring
[cheaseBS]   solver flag    converged=True (2 iteration(s)) — recorded, not gated by default
[cheaseBS] run summary: /pscratch/sd/j/joeschm/cheaseBS_runs/20260901_13-45-25-Te_ped_scale_0.900/run_summary.png
[cheaseBS]   note: after EQDSK taken from a per-iteration artifact (iteration_01/artifacts/EQDSK_COCOS_02_POS_SOURCE_SIGNS.OUT) — the run directory root holds no EQDSK*.OUT, so this is the last iteration solved, not necessarily a converged result
[cheaseBS] scratch run directory: /pscratch/sd/j/joeschm/cheaseBS_runs/20260901_13-45-25-Te_ped_scale_0.900
[cheaseBS] new equilibrium written to: /global/u1/j/joeschm/projects/NSTXU_lithium_study/reshape_convergence/runs_smallscale/129015_20260901_13-45-25/Te_ped_scale_0.900/EQDSK_COCOS_02_POS_SOURCE_SIGNS.OUT
 2 iters, 133s, accepted=True
  Te_ped_scale 0.95 ...[cheaseBS] reference profiles: /pscratch/sd/j/joeschm/cheaseBS_runs/20260901_13-47-39-Te_ped_scale_0.950/reference_profiles
[cheaseBS] running: /global/homes/j/joeschm/simulators/cheaseBS/run_chease_iterative_profiles.py --config /pscratch/sd/j/joeschm/cheaseBS_runs/20260901_13-47-39-Te_ped_scale_0.950/cheasebs_run_config.json
<IPython.core.display.Image object>
[cheaseBS] error plot: /pscratch/sd/j/joeschm/cheaseBS_runs/20260901_13-47-39-Te_ped_scale_0.950/iteration_errors.png
<IPython.core.display.Image object>
[cheaseBS] acceptance: ACCEPTED
[cheaseBS]   Ip error         1.748%  (final 740732.5 A vs reference 753908.3 A)
[cheaseBS]   q @ rho_tor 0.85    0.689%   (deviation from source)
[cheaseBS]   q95 error        0.897%
[cheaseBS]   q edge error    10.271%   <- separatrix-adjacent, see module docstring
[cheaseBS]   solver flag    converged=True (2 iteration(s)) — recorded, not gated by default
[cheaseBS] run summary: /pscratch/sd/j/joeschm/cheaseBS_runs/20260901_13-47-39-Te_ped_scale_0.950/run_summary.png
[cheaseBS]   note: after EQDSK taken from a per-iteration artifact (iteration_01/artifacts/EQDSK_COCOS_02_POS_SOURCE_SIGNS.OUT) — the run directory root holds no EQDSK*.OUT, so this is the last iteration solved, not necessarily a converged result
[cheaseBS] scratch run directory: /pscratch/sd/j/joeschm/cheaseBS_runs/20260901_13-47-39-Te_ped_scale_0.950
[cheaseBS] new equilibrium written to: /global/u1/j/joeschm/projects/NSTXU_lithium_study/reshape_convergence/runs_smallscale/129015_20260901_13-45-25/Te_ped_scale_0.950/EQDSK_COCOS_02_POS_SOURCE_SIGNS.OUT
 2 iters, 129s, accepted=True
  Te_ped_scale 1.05 ...[cheaseBS] reference profiles: /pscratch/sd/j/joeschm/cheaseBS_runs/20260901_13-49-48-Te_ped_scale_1.050/reference_profiles
[cheaseBS] running: /global/homes/j/joeschm/simulators/cheaseBS/run_chease_iterative_profiles.py --config /pscratch/sd/j/joeschm/cheaseBS_runs/20260901_13-49-48-Te_ped_scale_1.050/cheasebs_run_config.json
<IPython.core.display.Image object>
[cheaseBS] error plot: /pscratch/sd/j/joeschm/cheaseBS_runs/20260901_13-49-48-Te_ped_scale_1.050/iteration_errors.png
<IPython.core.display.Image object>
[cheaseBS] acceptance: ACCEPTED
[cheaseBS]   Ip error         1.510%  (final 742527.3 A vs reference 753908.3 A)
[cheaseBS]   q @ rho_tor 0.85    0.296%   (deviation from source)
[cheaseBS]   q95 error        0.776%
[cheaseBS]   q edge error    10.430%   <- separatrix-adjacent, see module docstring
[cheaseBS]   solver flag    converged=True (2 iteration(s)) — recorded, not gated by default
[cheaseBS] run summary: /pscratch/sd/j/joeschm/cheaseBS_runs/20260901_13-49-48-Te_ped_scale_1.050/run_summary.png
[cheaseBS]   note: after EQDSK taken from a per-iteration artifact (iteration_01/artifacts/EQDSK_COCOS_02_POS_SOURCE_SIGNS.OUT) — the run directory root holds no EQDSK*.OUT, so this is the last iteration solved, not necessarily a converged result
[cheaseBS] scratch run directory: /pscratch/sd/j/joeschm/cheaseBS_runs/20260901_13-49-48-Te_ped_scale_1.050
[cheaseBS] new equilibrium written to: /global/u1/j/joeschm/projects/NSTXU_lithium_study/reshape_convergence/runs_smallscale/129015_20260901_13-45-25/Te_ped_scale_1.050/EQDSK_COCOS_02_POS_SOURCE_SIGNS.OUT
 2 iters, 137s, accepted=True
  Te_ped_scale 1.10 ...[cheaseBS] reference profiles: /pscratch/sd/j/joeschm/cheaseBS_runs/20260901_13-52-06-Te_ped_scale_1.100/reference_profiles
[cheaseBS] running: /global/homes/j/joeschm/simulators/cheaseBS/run_chease_iterative_profiles.py --config /pscratch/sd/j/joeschm/cheaseBS_runs/20260901_13-52-06-Te_ped_scale_1.100/cheasebs_run_config.json
<IPython.core.display.Image object>
[cheaseBS] error plot: /pscratch/sd/j/joeschm/cheaseBS_runs/20260901_13-52-06-Te_ped_scale_1.100/iteration_errors.png
<IPython.core.display.Image object>
[cheaseBS] acceptance: ACCEPTED
[cheaseBS]   Ip error         1.373%  (final 743556.6 A vs reference 753908.3 A)
[cheaseBS]   q @ rho_tor 0.85    0.102%   (deviation from source)
[cheaseBS]   q95 error        0.692%
[cheaseBS]   q edge error    10.548%   <- separatrix-adjacent, see module docstring
[cheaseBS]   solver flag    converged=True (2 iteration(s)) — recorded, not gated by default
[cheaseBS] run summary: /pscratch/sd/j/joeschm/cheaseBS_runs/20260901_13-52-06-Te_ped_scale_1.100/run_summary.png
[cheaseBS]   note: after EQDSK taken from a per-iteration artifact (iteration_01/artifacts/EQDSK_COCOS_02_POS_SOURCE_SIGNS.OUT) — the run directory root holds no EQDSK*.OUT, so this is the last iteration solved, not necessarily a converged result
[cheaseBS] scratch run directory: /pscratch/sd/j/joeschm/cheaseBS_runs/20260901_13-52-06-Te_ped_scale_1.100
[cheaseBS] new equilibrium written to: /global/u1/j/joeschm/projects/NSTXU_lithium_study/reshape_convergence/runs_smallscale/129015_20260901_13-45-25/Te_ped_scale_1.100/EQDSK_COCOS_02_POS_SOURCE_SIGNS.OUT
 2 iters, 148s, accepted=True
  ne_ped_scale 0.90 ...[cheaseBS] reference profiles: /pscratch/sd/j/joeschm/cheaseBS_runs/20260901_13-54-35-ne_ped_scale_0.900/reference_profiles
[cheaseBS] running: /global/homes/j/joeschm/simulators/cheaseBS/run_chease_iterative_profiles.py --config /pscratch/sd/j/joeschm/cheaseBS_runs/20260901_13-54-35-ne_ped_scale_0.900/cheasebs_run_config.json
<IPython.core.display.Image object>
[cheaseBS] error plot: /pscratch/sd/j/joeschm/cheaseBS_runs/20260901_13-54-35-ne_ped_scale_0.900/iteration_errors.png
[cheaseBS]   every tracked metric saturates by iteration 46 of 49 — max_iter could come down
<IPython.core.display.Image object>
[cheaseBS] acceptance: ACCEPTED
[cheaseBS]   Ip error         2.069%  (final 738306.8 A vs reference 753908.3 A)
[cheaseBS]   q @ rho_tor 0.85    0.952%   (deviation from source)
[cheaseBS]   q95 error        1.120%
[cheaseBS]   q edge error     9.990%   <- separatrix-adjacent, see module docstring
[cheaseBS]   solver flag    converged=False (50 iteration(s)) — recorded, not gated by default
/global/homes/j/joeschm/tools/TPED/projects/discharge_tools/src/equilibrium_geometry.py:170: UserWarning: 
The maximal number of iterations maxit (set to 20 by the program)
allowed for finding a smoothing spline with fp=s has been reached: s
too small.
There is an approximation returned but the corresponding weighted sum
of squared residuals does not satisfy the condition abs(fp-s)/s < tol.
  spl = UnivariateSpline(levels[good], np.asarray(sampled[k])[good],
[cheaseBS] run summary: /pscratch/sd/j/joeschm/cheaseBS_runs/20260901_13-54-35-ne_ped_scale_0.900/run_summary.png
[cheaseBS]   note: after EQDSK taken from a per-iteration artifact (iteration_49/artifacts/EQDSK_COCOS_02_POS_SOURCE_SIGNS.OUT) — the run directory root holds no EQDSK*.OUT, so this is the last iteration solved, not necessarily a converged result
[cheaseBS] scratch run directory: /pscratch/sd/j/joeschm/cheaseBS_runs/20260901_13-54-35-ne_ped_scale_0.900
[cheaseBS] new equilibrium written to: /global/u1/j/joeschm/projects/NSTXU_lithium_study/reshape_convergence/runs_smallscale/129015_20260901_13-45-25/ne_ped_scale_0.900/EQDSK_COCOS_02_POS_SOURCE_SIGNS.OUT
 50 iters, 2251s, accepted=True
  ne_ped_scale 0.95 ...[cheaseBS] reference profiles: /pscratch/sd/j/joeschm/cheaseBS_runs/20260901_14-32-07-ne_ped_scale_0.950/reference_profiles
[cheaseBS] running: /global/homes/j/joeschm/simulators/cheaseBS/run_chease_iterative_profiles.py --config /pscratch/sd/j/joeschm/cheaseBS_runs/20260901_14-32-07-ne_ped_scale_0.950/cheasebs_run_config.json
<IPython.core.display.Image object>
[cheaseBS] error plot: /pscratch/sd/j/joeschm/cheaseBS_runs/20260901_14-32-07-ne_ped_scale_0.950/iteration_errors.png
<IPython.core.display.Image object>
[cheaseBS] acceptance: ACCEPTED
[cheaseBS]   Ip error         1.720%  (final 740938.6 A vs reference 753908.3 A)
[cheaseBS]   q @ rho_tor 0.85    0.554%   (deviation from source)
[cheaseBS]   q95 error        0.732%
[cheaseBS]   q edge error    10.350%   <- separatrix-adjacent, see module docstring
[cheaseBS]   solver flag    converged=True (2 iteration(s)) — recorded, not gated by default
[cheaseBS] run summary: /pscratch/sd/j/joeschm/cheaseBS_runs/20260901_14-32-07-ne_ped_scale_0.950/run_summary.png
[cheaseBS]   note: after EQDSK taken from a per-iteration artifact (iteration_01/artifacts/EQDSK_COCOS_02_POS_SOURCE_SIGNS.OUT) — the run directory root holds no EQDSK*.OUT, so this is the last iteration solved, not necessarily a converged result
[cheaseBS] scratch run directory: /pscratch/sd/j/joeschm/cheaseBS_runs/20260901_14-32-07-ne_ped_scale_0.950
[cheaseBS] new equilibrium written to: /global/u1/j/joeschm/projects/NSTXU_lithium_study/reshape_convergence/runs_smallscale/129015_20260901_13-45-25/ne_ped_scale_0.950/EQDSK_COCOS_02_POS_SOURCE_SIGNS.OUT
 2 iters, 134s, accepted=True
  ne_ped_scale 1.05 ...[cheaseBS] reference profiles: /pscratch/sd/j/joeschm/cheaseBS_runs/20260901_14-34-21-ne_ped_scale_1.050/reference_profiles
[cheaseBS] running: /global/homes/j/joeschm/simulators/cheaseBS/run_chease_iterative_profiles.py --config /pscratch/sd/j/joeschm/cheaseBS_runs/20260901_14-34-21-ne_ped_scale_1.050/cheasebs_run_config.json
<IPython.core.display.Image object>
[cheaseBS] error plot: /pscratch/sd/j/joeschm/cheaseBS_runs/20260901_14-34-21-ne_ped_scale_1.050/iteration_errors.png
<IPython.core.display.Image object>
[cheaseBS] acceptance: ACCEPTED
[cheaseBS]   Ip error         1.078%  (final 745779.0 A vs reference 753908.3 A)
[cheaseBS]   q @ rho_tor 0.85    0.014%   (deviation from source)
[cheaseBS]   q95 error        0.464%
[cheaseBS]   q edge error    10.737%   <- separatrix-adjacent, see module docstring
[cheaseBS]   solver flag    converged=True (2 iteration(s)) — recorded, not gated by default
[cheaseBS] run summary: /pscratch/sd/j/joeschm/cheaseBS_runs/20260901_14-34-21-ne_ped_scale_1.050/run_summary.png
[cheaseBS]   note: after EQDSK taken from a per-iteration artifact (iteration_01/artifacts/EQDSK_COCOS_02_POS_SOURCE_SIGNS.OUT) — the run directory root holds no EQDSK*.OUT, so this is the last iteration solved, not necessarily a converged result
[cheaseBS] scratch run directory: /pscratch/sd/j/joeschm/cheaseBS_runs/20260901_14-34-21-ne_ped_scale_1.050
[cheaseBS] new equilibrium written to: /global/u1/j/joeschm/projects/NSTXU_lithium_study/reshape_convergence/runs_smallscale/129015_20260901_13-45-25/ne_ped_scale_1.050/EQDSK_COCOS_02_POS_SOURCE_SIGNS.OUT
 2 iters, 133s, accepted=True
  ne_ped_scale 1.10 ...[cheaseBS] reference profiles: /pscratch/sd/j/joeschm/cheaseBS_runs/20260901_14-36-34-ne_ped_scale_1.100/reference_profiles
[cheaseBS] running: /global/homes/j/joeschm/simulators/cheaseBS/run_chease_iterative_profiles.py --config /pscratch/sd/j/joeschm/cheaseBS_runs/20260901_14-36-34-ne_ped_scale_1.100/cheasebs_run_config.json
<IPython.core.display.Image object>
[cheaseBS] error plot: /pscratch/sd/j/joeschm/cheaseBS_runs/20260901_14-36-34-ne_ped_scale_1.100/iteration_errors.png
<IPython.core.display.Image object>
[cheaseBS] acceptance: ACCEPTED
[cheaseBS]   Ip error         0.737%  (final 748354.4 A vs reference 753908.3 A)
[cheaseBS]   q @ rho_tor 0.85    0.300%   (deviation from source)
[cheaseBS]   q95 error        0.305%
[cheaseBS]   q edge error    10.963%   <- separatrix-adjacent, see module docstring
[cheaseBS]   solver flag    converged=True (2 iteration(s)) — recorded, not gated by default
[cheaseBS] run summary: /pscratch/sd/j/joeschm/cheaseBS_runs/20260901_14-36-34-ne_ped_scale_1.100/run_summary.png
[cheaseBS]   note: after EQDSK taken from a per-iteration artifact (iteration_01/artifacts/EQDSK_COCOS_02_POS_SOURCE_SIGNS.OUT) — the run directory root holds no EQDSK*.OUT, so this is the last iteration solved, not necessarily a converged result
[cheaseBS] scratch run directory: /pscratch/sd/j/joeschm/cheaseBS_runs/20260901_14-36-34-ne_ped_scale_1.100
[cheaseBS] new equilibrium written to: /global/u1/j/joeschm/projects/NSTXU_lithium_study/reshape_convergence/runs_smallscale/129015_20260901_13-45-25/ne_ped_scale_1.100/EQDSK_COCOS_02_POS_SOURCE_SIGNS.OUT
 2 iters, 130s, accepted=True
shot 129015
           axis scale    ped_top  ratio iters  conv   acc  Ip_err  dq_max  dq_at  dp_max    q@x0  wall_s  status
   Te_ped_scale  0.90  1.770e+02  0.901     2  True  True   1.88%   1.59%  0.056  10.12%   0.88%     133        
   Te_ped_scale  0.95  1.867e+02  0.951     2  True  True   1.75%   1.59%  0.056   7.29%   0.69%     129        
   Te_ped_scale  1.05  2.061e+02  1.049     2  True  True   1.51%   1.59%  0.056   2.40%   0.30%     137        
   Te_ped_scale  1.10  2.159e+02  1.099     2  True  True   1.37%   1.59%  0.056   4.28%   0.10%     148        
   ne_ped_scale  0.90  3.896e+19  0.904    50 False  True   2.07%   1.61%  0.056  13.88%   0.95%    2251        
   ne_ped_scale  0.95  4.102e+19  0.952     2  True  True   1.72%   1.60%  0.056   9.01%   0.55%     134        
   ne_ped_scale  1.05  4.515e+19  1.048     2  True  True   1.08%   1.61%  0.056   3.46%   0.01%     133        
   ne_ped_scale  1.10  4.721e+19  1.096     2  True  True   0.74%   1.62%  0.056   7.50%   0.30%     130        
  129015 done in 3201s -> /global/u1/j/joeschm/projects/NSTXU_lithium_study/reshape_convergence/runs_smallscale/129015_20260901_13-45-25

--- 129038  radii (0.85,) ---
129038  radii (0.85,)  8 solves -> /global/u1/j/joeschm/projects/NSTXU_lithium_study/reshape_convergence/runs_smallscale/129038_20260901_14-38-45
  Te_ped_scale 0.90 ...[cheaseBS] reference profiles: /pscratch/sd/j/joeschm/cheaseBS_runs/20260901_14-38-45-Te_ped_scale_0.900/reference_profiles
[cheaseBS] running: /global/homes/j/joeschm/simulators/cheaseBS/run_chease_iterative_profiles.py --config /pscratch/sd/j/joeschm/cheaseBS_runs/20260901_14-38-45-Te_ped_scale_0.900/cheasebs_run_config.json
<IPython.core.display.Image object>
[cheaseBS] error plot: /pscratch/sd/j/joeschm/cheaseBS_runs/20260901_14-38-45-Te_ped_scale_0.900/iteration_errors.png
[cheaseBS]   every tracked metric saturates by iteration 46 of 49 — max_iter could come down
<IPython.core.display.Image object>
[cheaseBS] acceptance: REJECTED
[cheaseBS]   Ip error         3.618%  (final 771324.4 A vs reference 744390.5 A)
[cheaseBS]   q @ rho_tor 0.85    4.031%   (deviation from source)
[cheaseBS]   q95 error        4.224%
[cheaseBS]   q edge error    10.824%   <- separatrix-adjacent, see module docstring
[cheaseBS]   solver flag    converged=False (50 iteration(s)) — recorded, not gated by default
[cheaseBS]   REJECT: Ip error 3.618% exceeds tolerance 3.000% (got 771324.4 A, target 744390.5 A)
[cheaseBS] run summary: /pscratch/sd/j/joeschm/cheaseBS_runs/20260901_14-38-45-Te_ped_scale_0.900/run_summary.png
[cheaseBS]   note: after EQDSK taken from a per-iteration artifact (iteration_49/artifacts/EQDSK_COCOS_02_POS_SOURCE_SIGNS.OUT) — the run directory root holds no EQDSK*.OUT, so this is the last iteration solved, not necessarily a converged result
[cheaseBS] scratch run directory: /pscratch/sd/j/joeschm/cheaseBS_runs/20260901_14-38-45-Te_ped_scale_0.900
[cheaseBS] new equilibrium written to: /global/u1/j/joeschm/projects/NSTXU_lithium_study/reshape_convergence/runs_smallscale/129038_20260901_14-38-45/Te_ped_scale_0.900/EQDSK_COCOS_02_POS_SOURCE_SIGNS.OUT
 50 iters, 2548s, accepted=False
  Te_ped_scale 0.95 ...[cheaseBS] reference profiles: /pscratch/sd/j/joeschm/cheaseBS_runs/20260901_15-21-14-Te_ped_scale_0.950/reference_profiles
[cheaseBS] running: /global/homes/j/joeschm/simulators/cheaseBS/run_chease_iterative_profiles.py --config /pscratch/sd/j/joeschm/cheaseBS_runs/20260901_15-21-14-Te_ped_scale_0.950/cheasebs_run_config.json
<IPython.core.display.Image object>
[cheaseBS] error plot: /pscratch/sd/j/joeschm/cheaseBS_runs/20260901_15-21-14-Te_ped_scale_0.950/iteration_errors.png
[cheaseBS]   every tracked metric saturates by iteration 46 of 49 — max_iter could come down
<IPython.core.display.Image object>
[cheaseBS] acceptance: REJECTED
[cheaseBS]   Ip error         4.542%  (final 778202.9 A vs reference 744390.5 A)
[cheaseBS]   q @ rho_tor 0.85    4.792%   (deviation from source)
[cheaseBS]   q95 error        5.073%
[cheaseBS]   q edge error    11.753%   <- separatrix-adjacent, see module docstring
[cheaseBS]   solver flag    converged=False (50 iteration(s)) — recorded, not gated by default
[cheaseBS]   REJECT: Ip error 4.542% exceeds tolerance 3.000% (got 778202.9 A, target 744390.5 A)
[cheaseBS] run summary: /pscratch/sd/j/joeschm/cheaseBS_runs/20260901_15-21-14-Te_ped_scale_0.950/run_summary.png
[cheaseBS]   note: after EQDSK taken from a per-iteration artifact (iteration_49/artifacts/EQDSK_COCOS_02_POS_SOURCE_SIGNS.OUT) — the run directory root holds no EQDSK*.OUT, so this is the last iteration solved, not necessarily a converged result
[cheaseBS] scratch run directory: /pscratch/sd/j/joeschm/cheaseBS_runs/20260901_15-21-14-Te_ped_scale_0.950
[cheaseBS] new equilibrium written to: /global/u1/j/joeschm/projects/NSTXU_lithium_study/reshape_convergence/runs_smallscale/129038_20260901_14-38-45/Te_ped_scale_0.950/EQDSK_COCOS_02_POS_SOURCE_SIGNS.OUT
 50 iters, 2464s, accepted=False
  Te_ped_scale 1.05 ...[cheaseBS] reference profiles: /pscratch/sd/j/joeschm/cheaseBS_runs/20260901_16-02-19-Te_ped_scale_1.050/reference_profiles
[cheaseBS] running: /global/homes/j/joeschm/simulators/cheaseBS/run_chease_iterative_profiles.py --config /pscratch/sd/j/joeschm/cheaseBS_runs/20260901_16-02-19-Te_ped_scale_1.050/cheasebs_run_config.json
<IPython.core.display.Image object>
[cheaseBS] error plot: /pscratch/sd/j/joeschm/cheaseBS_runs/20260901_16-02-19-Te_ped_scale_1.050/iteration_errors.png
<IPython.core.display.Image object>
[cheaseBS] acceptance: REJECTED
[cheaseBS]   Ip error         6.727%  (final 794462.2 A vs reference 744390.5 A)
[cheaseBS]   q @ rho_tor 0.85    6.200%   (deviation from source)
[cheaseBS]   q95 error        7.452%
[cheaseBS]   q edge error    14.119%   <- separatrix-adjacent, see module docstring
[cheaseBS]   solver flag    converged=False (50 iteration(s)) — recorded, not gated by default
[cheaseBS]   REJECT: Ip error 6.727% exceeds tolerance 3.000% (got 794462.2 A, target 744390.5 A)
[cheaseBS] run summary: /pscratch/sd/j/joeschm/cheaseBS_runs/20260901_16-02-19-Te_ped_scale_1.050/run_summary.png
[cheaseBS]   note: after EQDSK taken from a per-iteration artifact (iteration_49/artifacts/EQDSK_COCOS_02_POS_SOURCE_SIGNS.OUT) — the run directory root holds no EQDSK*.OUT, so this is the last iteration solved, not necessarily a converged result
[cheaseBS] scratch run directory: /pscratch/sd/j/joeschm/cheaseBS_runs/20260901_16-02-19-Te_ped_scale_1.050
[cheaseBS] new equilibrium written to: /global/u1/j/joeschm/projects/NSTXU_lithium_study/reshape_convergence/runs_smallscale/129038_20260901_14-38-45/Te_ped_scale_1.050/EQDSK_COCOS_02_POS_SOURCE_SIGNS.OUT
 50 iters, 2427s, accepted=False
  Te_ped_scale 1.10 ...[cheaseBS] reference profiles: /pscratch/sd/j/joeschm/cheaseBS_runs/20260901_16-42-46-Te_ped_scale_1.100/reference_profiles
[cheaseBS] running: /global/homes/j/joeschm/simulators/cheaseBS/run_chease_iterative_profiles.py --config /pscratch/sd/j/joeschm/cheaseBS_runs/20260901_16-42-46-Te_ped_scale_1.100/cheasebs_run_config.json
<IPython.core.display.Image object>
[cheaseBS] error plot: /pscratch/sd/j/joeschm/cheaseBS_runs/20260901_16-42-46-Te_ped_scale_1.100/iteration_errors.png
<IPython.core.display.Image object>
[cheaseBS] acceptance: REJECTED
[cheaseBS]   Ip error         7.324%  (final 798911.2 A vs reference 744390.5 A)
[cheaseBS]   q @ rho_tor 0.85    6.879%   (deviation from source)
[cheaseBS]   q95 error        7.312%
[cheaseBS]   q edge error    14.572%   <- separatrix-adjacent, see module docstring
[cheaseBS]   solver flag    converged=False (50 iteration(s)) — recorded, not gated by default
[cheaseBS]   REJECT: Ip error 7.324% exceeds tolerance 3.000% (got 798911.2 A, target 744390.5 A)
[cheaseBS] run summary: /pscratch/sd/j/joeschm/cheaseBS_runs/20260901_16-42-46-Te_ped_scale_1.100/run_summary.png
[cheaseBS]   note: after EQDSK taken from a per-iteration artifact (iteration_49/artifacts/EQDSK_COCOS_02_POS_SOURCE_SIGNS.OUT) — the run directory root holds no EQDSK*.OUT, so this is the last iteration solved, not necessarily a converged result
[cheaseBS] scratch run directory: /pscratch/sd/j/joeschm/cheaseBS_runs/20260901_16-42-46-Te_ped_scale_1.100
[cheaseBS] new equilibrium written to: /global/u1/j/joeschm/projects/NSTXU_lithium_study/reshape_convergence/runs_smallscale/129038_20260901_14-38-45/Te_ped_scale_1.100/EQDSK_COCOS_02_POS_SOURCE_SIGNS.OUT
 50 iters, 2573s, accepted=False
  ne_ped_scale 0.90 ...[cheaseBS] reference profiles: /pscratch/sd/j/joeschm/cheaseBS_runs/20260901_17-25-40-ne_ped_scale_0.900/reference_profiles
[cheaseBS] running: /global/homes/j/joeschm/simulators/cheaseBS/run_chease_iterative_profiles.py --config /pscratch/sd/j/joeschm/cheaseBS_runs/20260901_17-25-40-ne_ped_scale_0.900/cheasebs_run_config.json
